=== RUN   TestCatalogStartupRequiresIdentityConfiguration
--- PASS: TestCatalogStartupRequiresIdentityConfiguration (0.00s)
=== RUN   TestCatalogWiresVersionReader
--- PASS: TestCatalogWiresVersionReader (0.00s)
PASS
ok  	github.com/zhangzhe-ctrl/ani-model-service/cmd/ani-model-service	0.007s
go: downloading google.golang.org/protobuf v1.36.12-0.20260120151049-f2248ac996af
go: downloading k8s.io/api v0.36.3
go: downloading k8s.io/apimachinery v0.36.3
go: downloading github.com/zhangzhe-ctrl/ani-model-service v0.0.0-20260916025225-474f37a1df63
go: downloading github.com/jackc/pgx/v5 v5.11.0
go: downloading k8s.io/client-go v0.36.3
go: downloading sigs.k8s.io/controller-runtime v0.24.1
go: downloading k8s.io/utils v0.0.0-20260210185600-b8788abfbbc2
go: downloading sigs.k8s.io/lws v0.10.0
go: downloading sigs.k8s.io/randfill v1.0.0
go: downloading sigs.k8s.io/yaml v1.6.0
go: downloading k8s.io/klog/v2 v2.140.0
go: downloading k8s.io/kube-openapi v0.0.0-20260317180543-43fb72c5454a
go: downloading sigs.k8s.io/structured-merge-diff/v6 v6.4.2
go: downloading github.com/google/go-cmp v0.7.0
go: downloading github.com/stretchr/testify v1.11.1
go: downloading gopkg.in/inf.v0 v0.9.1
go: downloading github.com/spf13/pflag v1.0.9
go: downloading github.com/gorilla/websocket v1.5.4-0.20250319132907-e064f32e3674
go: downloading golang.org/x/term v0.45.0
go: downloading github.com/google/gofuzz v1.2.0
go: downloading github.com/onsi/ginkgo/v2 v2.32.0
go: downloading github.com/onsi/gomega v1.42.1
go: downloading go.uber.org/goleak v1.3.0
go: downloading github.com/evanphx/json-patch/v5 v5.9.11
go: downloading k8s.io/apiextensions-apiserver v0.36.3
go: downloading gopkg.in/evanphx/json-patch.v4 v4.13.0
go: downloading go.opentelemetry.io/otel/metric/x v0.66.0
go: downloading github.com/golang/protobuf v1.5.4
go: downloading sigs.k8s.io/json v0.0.0-20250730193827-2d320260d730
go: downloading go.yaml.in/yaml/v2 v2.4.4
go: downloading github.com/json-iterator/go v1.1.12
go: downloading github.com/pmezard/go-difflib v1.0.1-0.20181226105442-5d4384ee4fb2
go: downloading github.com/davecgh/go-spew v1.1.2-0.20180830191138-d8f796af33cc
go: downloading github.com/prashantv/gostub v1.1.0
go: downloading github.com/fxamacker/cbor/v2 v2.9.0
go: downloading golang.org/x/oauth2 v0.36.0
go: downloading golang.org/x/time v0.14.0
go: downloading github.com/stretchr/objx v0.5.2
go: downloading github.com/go-logr/zapr v1.3.0
go: downloading go.uber.org/zap v1.27.1
go: downloading gomodules.xyz/jsonpatch/v2 v2.4.0
go: downloading github.com/kylelemons/godebug v1.1.0
go: downloading github.com/google/gnostic-models v0.7.0
go: downloading volcano.sh/apis v1.12.1
go: downloading k8s.io/apiserver v0.36.3
go: downloading k8s.io/component-helpers v0.36.3
go: downloading github.com/modern-go/concurrent v0.0.0-20180306012644-bacd9c7ef1dd
go: downloading github.com/modern-go/reflect2 v1.0.3-0.20250322232337-35a7c28c31ee
go: downloading gopkg.in/check.v1 v1.0.0-20201130134442-10cb98267c6c
go: downloading github.com/go-playground/assert/v2 v2.2.0
go: downloading github.com/envoyproxy/go-control-plane/envoy v1.37.0
go: downloading github.com/x448/float16 v0.8.4
go: downloading github.com/go-openapi/swag v0.23.0
go: downloading go.uber.org/multierr v1.11.0
go: downloading github.com/Masterminds/semver/v3 v3.4.0
go: downloading github.com/go-openapi/jsonreference v0.21.0
go: downloading github.com/evanphx/json-patch v4.12.0+incompatible
go: downloading gonum.org/v1/gonum v0.17.0
go: downloading github.com/kr/pretty v0.3.1
go: downloading github.com/emicklei/go-restful/v3 v3.13.0
go: downloading github.com/envoyproxy/go-control-plane v0.14.0
go: downloading github.com/go-task/slim-sprig/v3 v3.0.0
go: downloading golang.org/x/tools v0.47.0
go: downloading github.com/mailru/easyjson v0.7.7
go: downloading github.com/go-openapi/jsonpointer v0.21.0
go: downloading github.com/pkg/errors v0.9.1
go: downloading github.com/google/pprof v0.0.0-20260402051712-545e8a4df936
go: downloading github.com/rogpeppe/go-internal v1.14.1
go: downloading github.com/kr/text v0.2.0
go: downloading github.com/cncf/xds/go v0.0.0-20260202195803-dba9d589def2
go: downloading github.com/planetscale/vtprotobuf v0.6.1-0.20240319094008-0393e58bdf10
go: downloading github.com/josharian/intern v1.0.0
go: downloading k8s.io/component-base v0.36.3
go: downloading github.com/envoyproxy/protoc-gen-validate v1.3.3
go: downloading golang.org/x/mod v0.37.0
go: downloading github.com/blang/semver/v4 v4.0.0
go: downloading cel.dev/expr v0.25.2
=== RUN   TestClientMetadataAndDeadline
--- PASS: TestClientMetadataAndDeadline (0.00s)
=== RUN   TestClientCancellationAndError
--- PASS: TestClientCancellationAndError (0.01s)
PASS
ok  	github.com/zhangzhe-ctrl/ani-inference-service/internal/data/model	0.016s
d713921d9fc2981387698334245b2cf4ae08769d351b86ad3f2aeb482a262578  /home/chabking/ani-inference-runs/mtls-20260919-01/bin/inference
a86d8f12a86d1fedc19a6ca96024be6d1c815e4e170258aec25ceb21431bca2a  /home/chabking/ani-inference-runs/mtls-20260919-01/bin/model
21396ee0cbd9d5aeeb8d462e1aeb15240c2153b7ea363b2995f3b6b2f3681301  /home/chabking/ani-inference-runs/mtls-20260919-01/bin/probe
